// Jest Snapshot v1, https://goo.gl/fbAQLP

exports[`<Range /> should match its empty snapshot 1`] = `
<ComponentEnhancer(Range)
  activeDotStyle={Object {}}
  allowCross={true}
  className="sc-bdVaJa iFsqIN"
  count={1}
  disabled={false}
  dotStyle={Object {}}
  dots={false}
  handle={[Function]}
  handleStyle={
    Array [
      Object {},
    ]
  }
  included={true}
  marks={Object {}}
  max={100}
  min={0}
  onAfterChange={[Function]}
  onBeforeChange={[Function]}
  onChange={[Function]}
  prefixCls="rc-slider"
  pushable={false}
  railStyle={Object {}}
  step={1}
  trackStyle={
    Array [
      Object {},
    ]
  }
  vertical={false}
/>
`;
